{
  "type" : "Script",
  "header" : {
    "type" : "Header",
    "directives" : [ {
      "type" : "Version",
      "version" : "2.0"
    }, {
      "type" : "Output",
      "output" : "application/json"
    }, {
      "type" : "Input",
      "identifier" : "payload",
      "input" : "application/json"
    } ]
  },
  "body" : {
    "type" : "Body",
    "expression" : {
      "type" : "SizeOf",
      "expression" : {
        "type" : "Array",
        "elements" : [ {
          "type" : "Literal",
          "value" : "1"
        }, {
          "type" : "Literal",
          "value" : "2"
        }, {
          "type" : "Literal",
          "value" : "3"
        }, {
          "type" : "Literal",
          "value" : "4"
        } ]
      }
    }
  }
}
