{
  "type" : "Script",
  "header" : {
    "type" : "Header",
    "directives" : [ {
      "type" : "Version",
      "version" : "1.0"
    }, {
      "type" : "Output",
      "output" : "application/json"
    } ]
  },
  "body" : {
    "type" : "Body",
    "expression" : {
      "type" : "Object",
      "hail1" : {
        "type" : "SizeOf",
        "expression" : {
          "type" : "DefaultExpression",
          "expression" : {
            "type" : "SelectorExpression",
            "primary" : {
              "type" : "Identifier",
              "name" : "payload"
            },
            "selector" : {
              "type" : "SingleValueSelector",
              "identifier" : "resultSet1"
            }
          },
          "default" : {
            "type" : "Filter",
            "lambda" : {
              "type" : "InlineLambda",
              "args" : "item,index",
              "expression" : {
                "type" : "LogicalAndExpression",
                "left" : {
                  "type" : "EqualityExpression",
                  "left" : {
                    "type" : "SelectorExpression",
                    "primary" : {
                      "type" : "Identifier",
                      "name" : "item"
                    },
                    "selector" : {
                      "type" : "SingleValueSelector",
                      "identifier" : "EVENT_TYPE"
                    }
                  },
                  "operator" : "==",
                  "right1" : {
                    "type" : "Literal",
                    "value" : "'Hail'"
                  }
                },
                "operator" : "and",
                "right1" : {
                  "type" : "RelationalExpression",
                  "left" : {
                    "type" : "SelectorExpression",
                    "primary" : {
                      "type" : "Identifier",
                      "name" : "item"
                    },
                    "selector" : {
                      "type" : "SingleValueSelector",
                      "identifier" : "MAGNITUDE"
                    }
                  },
                  "operator" : ">=",
                  "right1" : {
                    "type" : "Literal",
                    "value" : "1"
                  }
                },
                "right2" : {
                  "type" : "RelationalExpression",
                  "left" : {
                    "type" : "SelectorExpression",
                    "primary" : {
                      "type" : "Identifier",
                      "name" : "item"
                    },
                    "selector" : {
                      "type" : "SingleValueSelector",
                      "identifier" : "distance_in_miles"
                    }
                  },
                  "operator" : "<=",
                  "right1" : {
                    "type" : "Literal",
                    "value" : "5"
                  }
                }
              }
            }
          }
        }
      },
      "hail2" : {
        "type" : "SizeOf",
        "expression" : {
          "type" : "DefaultExpression",
          "expression" : {
            "type" : "SelectorExpression",
            "primary" : {
              "type" : "Identifier",
              "name" : "payload"
            },
            "selector" : {
              "type" : "SingleValueSelector",
              "identifier" : "resultSet1"
            }
          },
          "default" : {
            "type" : "Filter",
            "lambda" : {
              "type" : "DefaultExpression",
              "expression" : {
                "type" : "LogicalAndExpression",
                "left" : {
                  "type" : "EqualityExpression",
                  "left" : {
                    "type" : "SelectorExpression",
                    "primary" : {
                      "type" : "Identifier",
                      "name" : "$"
                    },
                    "selector" : {
                      "type" : "SingleValueSelector",
                      "identifier" : "EVENT_TYPE"
                    }
                  },
                  "operator" : "==",
                  "right1" : {
                    "type" : "Literal",
                    "value" : "'Hail'"
                  }
                },
                "operator" : "and",
                "right1" : {
                  "type" : "RelationalExpression",
                  "left" : {
                    "type" : "SelectorExpression",
                    "primary" : {
                      "type" : "Identifier",
                      "name" : "$"
                    },
                    "selector" : {
                      "type" : "SingleValueSelector",
                      "identifier" : "magnitude"
                    }
                  },
                  "operator" : ">=",
                  "right1" : {
                    "type" : "Literal",
                    "value" : "1.5"
                  }
                },
                "right2" : {
                  "type" : "RelationalExpression",
                  "left" : {
                    "type" : "SelectorExpression",
                    "primary" : {
                      "type" : "Identifier",
                      "name" : "$"
                    },
                    "selector" : {
                      "type" : "SingleValueSelector",
                      "identifier" : "distance_in_miles"
                    }
                  },
                  "operator" : "<=",
                  "right1" : {
                    "type" : "Literal",
                    "value" : "5"
                  }
                }
              },
              "default" : {
                "type" : "Map",
                "lambda" : {
                  "type" : "Object",
                  "count" : {
                    "type" : "SelectorExpression",
                    "primary" : {
                      "type" : "Identifier",
                      "name" : "$"
                    },
                    "selector" : {
                      "type" : "SingleValueSelector",
                      "identifier" : "weather_event_id"
                    }
                  }
                }
              }
            }
          }
        }
      },
      "thunder" : {
        "type" : "SizeOf",
        "expression" : {
          "type" : "DefaultExpression",
          "expression" : {
            "type" : "SelectorExpression",
            "primary" : {
              "type" : "Identifier",
              "name" : "payload"
            },
            "selector" : {
              "type" : "SingleValueSelector",
              "identifier" : "resultSet1"
            }
          },
          "default" : {
            "type" : "Filter",
            "lambda" : {
              "type" : "DefaultExpression",
              "expression" : {
                "type" : "LogicalAndExpression",
                "left" : {
                  "type" : "EqualityExpression",
                  "left" : {
                    "type" : "SelectorExpression",
                    "primary" : {
                      "type" : "Identifier",
                      "name" : "$"
                    },
                    "selector" : {
                      "type" : "SingleValueSelector",
                      "identifier" : "EVENT_TYPE"
                    }
                  },
                  "operator" : "==",
                  "right1" : {
                    "type" : "Literal",
                    "value" : "'Thunderstorm Wind'"
                  }
                },
                "operator" : "and",
                "right1" : {
                  "type" : "RelationalExpression",
                  "left" : {
                    "type" : "SelectorExpression",
                    "primary" : {
                      "type" : "Identifier",
                      "name" : "$"
                    },
                    "selector" : {
                      "type" : "SingleValueSelector",
                      "identifier" : "magnitude"
                    }
                  },
                  "operator" : ">=",
                  "right1" : {
                    "type" : "Literal",
                    "value" : "30"
                  }
                },
                "right2" : {
                  "type" : "RelationalExpression",
                  "left" : {
                    "type" : "SelectorExpression",
                    "primary" : {
                      "type" : "Identifier",
                      "name" : "$"
                    },
                    "selector" : {
                      "type" : "SingleValueSelector",
                      "identifier" : "distance_in_miles"
                    }
                  },
                  "operator" : "<=",
                  "right1" : {
                    "type" : "Literal",
                    "value" : "1"
                  }
                }
              },
              "default" : {
                "type" : "Map",
                "lambda" : {
                  "type" : "Object",
                  "count" : {
                    "type" : "SelectorExpression",
                    "primary" : {
                      "type" : "Identifier",
                      "name" : "$"
                    },
                    "selector" : {
                      "type" : "SingleValueSelector",
                      "identifier" : "weather_event_id"
                    }
                  }
                }
              }
            }
          }
        }
      }
    }
  }
}