{
  "type" : "Script",
  "header" : {
    "type" : "Header",
    "directives" : [ {
      "type" : "Version",
      "version" : "2.0"
    }, {
      "type" : "Output",
      "output" : "application/json"
    } ]
  },
  "body" : {
    "type" : "Body",
    "expression" : {
      "type" : "Object",
      "date" : {
        "type" : "Literal",
        "value" : "|2021-01-01|"
      },
      "time" : {
        "type" : "Literal",
        "value" : "|23:59:56|"
      },
      "timeZone" : {
        "type" : "Literal",
        "value" : "|-08:00|"
      },
      "dateTime" : {
        "type" : "Literal",
        "value" : "|2003-10-01T23:57:59-03:00|"
      },
      "localDateTime" : {
        "type" : "Literal",
        "value" : "|2003-10-01T23:57:59|"
      }
    }
  }
}
