{
  "type" : "Script",
  "header" : {
    "type" : "Header",
    "directives" : [ {
      "type" : "Version",
      "version" : "1.0"
    }, {
      "type" : "Output",
      "output" : "application/json"
    } ]
  },
  "body" : {
    "type" : "Body",
    "expression" : {
      "type" : "LogicalAndExpression",
      "left" : {
        "type" : "EqualityExpression",
        "left" : {
          "type" : "SelectorExpression",
          "primary" : {
            "type" : "Identifier",
            "name" : "payload"
          },
          "selector" : {
            "type" : "SingleValueSelector",
            "identifier" : "EVENT_TYPE"
          }
        },
        "operator" : "==",
        "right1" : {
          "type" : "Literal",
          "value" : "'Hail'"
        }
      },
      "operator" : "and",
      "right1" : {
        "type" : "RelationalExpression",
        "left" : {
          "type" : "SelectorExpression",
          "primary" : {
            "type" : "Identifier",
            "name" : "payload"
          },
          "selector" : {
            "type" : "SingleValueSelector",
            "identifier" : "MAGNITUDE"
          }
        },
        "operator" : ">=",
        "right1" : {
          "type" : "Literal",
          "value" : "1"
        }
      },
      "right2" : {
        "type" : "RelationalExpression",
        "left" : {
          "type" : "SelectorExpression",
          "primary" : {
            "type" : "Identifier",
            "name" : "payload"
          },
          "selector" : {
            "type" : "SingleValueSelector",
            "identifier" : "distance_in_miles"
          }
        },
        "operator" : "<=",
        "right1" : {
          "type" : "Literal",
          "value" : "5"
        }
      }
    }
  }
}
