{
  "type" : "Script",
  "header" : {
    "type" : "Header",
    "directives" : [ {
      "type" : "Version",
      "version" : "1.0"
    }, {
      "type" : "Output",
      "output" : "application/json"
    } ]
  },
  "body" : {
    "type" : "Body",
    "expression" : {
      "type" : "DefaultExpression",
      "expression" : {
        "type" : "Literal",
        "value" : "\"Hello\""
      },
      "default" : {
        "type" : "Concat",
        "expression" : {
          "type" : "Literal",
          "value" : "\"World\""
        }
      }
    }
  }
}
