{
  "type" : "Script",
  "header" : {
    "type" : "Header",
    "directives" : [ {
      "type" : "Variable",
      "identifier" : "conversionRate",
      "expression" : {
        "type" : "Literal",
        "value" : "13.15"
      }
    } ]
  },
  "body" : {
    "type" : "Body",
    "expression" : {
      "type" : "Identifier",
      "name" : "a"
    }
  }
}
