{
  "type" : "Script",
  "header" : {
    "type" : "Header",
    "directives" : [ {
      "type" : "Version",
      "version" : "1.0"
    }, {
      "type" : "Output",
      "output" : "application/json"
    }, {
      "type" : "Input",
      "identifier" : "payload",
      "input" : "application/json"
    }, {
      "type" : "Function",
      "identifier" : "addOne",
      "args" : "x",
      "expression" : {
        "type" : "AdditiveExpression",
        "left" : {
          "type" : "Identifier",
          "name" : "x"
        },
        "operator" : "+",
        "right1" : {
          "type" : "Literal",
          "value" : "1"
        }
      }
    } ]
  },
  "body" : {
    "type" : "Body",
    "expression" : {
      "type" : "DefaultExpression",
      "expression" : {
        "type" : "Array",
        "elements" : [ {
          "type" : "Literal",
          "value" : "\"john\""
        }, {
          "type" : "Literal",
          "value" : "\"peter\""
        }, {
          "type" : "Literal",
          "value" : "\"matt\""
        } ]
      },
      "default" : {
        "type" : "Map",
        "lambda" : {
          "type" : "InlineLambda",
          "args" : "firstName,position",
          "expression" : {
            "type" : "DefaultExpression",
            "expression" : {
              "type" : "Identifier",
              "name" : "position"
            },
            "default" : {
              "type" : "Concat",
              "expression" : {
                "type" : "DefaultExpression",
                "expression" : {
                  "type" : "Literal",
                  "value" : "\":\""
                },
                "default" : {
                  "type" : "Concat",
                  "expression" : {
                    "type" : "UpperExpression",
                    "expression" : {
                      "type" : "Identifier",
                      "name" : "firstName"
                    }
                  }
                }
              }
            }
          }
        }
      }
    }
  }
}
