{
  "type" : "Script",
  "header" : {
    "type" : "Header",
    "directives" : [ {
      "type" : "Version",
      "version" : "1.0"
    }, {
      "type" : "Output",
      "output" : "application/json"
    } ]
  },
  "body" : {
    "type" : "Body",
    "expression" : {
      "type" : "WhenCondition",
      "condition" : {
        "type" : "EqualityExpression",
        "left" : {
          "type" : "SelectorExpression",
          "primary" : {
            "type" : "Identifier",
            "name" : "payload"
          },
          "selector" : {
            "type" : "SingleValueSelector",
            "identifier" : "country"
          }
        },
        "operator" : "==",
        "right1" : {
          "type" : "Literal",
          "value" : "\"USA\""
        }
      },
      "when-body" : {
        "type" : "Object",
        "currency" : {
          "type" : "Literal",
          "value" : "\"USD\""
        }
      },
      "otherwise-body" : {
        "type" : "WhenCondition",
        "when-body" : {
          "type" : "Object",
          "currency" : {
            "type" : "Literal",
            "value" : "\"EUR\""
          }
        }
      }
    }
  }
}
